[MODEL_CACHE] Initializing global model cache on cpu
python : Traceback (most recent call last):
At line:1 char:48
+ ... p\chatbot' ; python test_code_fixes.py > test_output.txt 2>&1 ; type  ...
+                  ~~~~~~~~~~~~~~~~~~~~~~~~~~~~~~~~~~~~~~~~~~~~~~~~
    + CategoryInfo          : NotSpecified: (Traceback (most recent call last) 
   ::String) [], RemoteException
    + FullyQualifiedErrorId : NativeCommandError
 
  File "C:\Users\sesha\OneDrive\Desktop\chatbot\test_code_fixes.py", line 15, 
in <module>
    from src.ml.legal_topic_classifier import LegalTopicClassifier
  File 
"c:\Users\sesha\OneDrive\Desktop\chatbot\src\ml\legal_topic_classifier.py", 
line 23, in <module>
    from src.ml.model_cache import get_inlegalbert_model
  File "c:\Users\sesha\OneDrive\Desktop\chatbot\src\ml\model_cache.py", line 
86, in <module>
    print("[MODEL_CACHE] \u2713 Model cache system initialized")
  File "C:\Users\sesha\AppData\Local\Python\pythoncore-3.11-64\Lib\encodings\cp
1252.py", line 19, in encode
    return codecs.charmap_encode(input,self.errors,encoding_table)[0]
           ^^^^^^^^^^^^^^^^^^^^^^^^^^^^^^^^^^^^^^^^^^^^^^^^^^^^^^^
UnicodeEncodeError: 'charmap' codec can't encode character '\u2713' in 
position 14: character maps to <undefined>
